// Vitest Snapshot v1, https://vitest.dev/guide/snapshot.html

exports[`@moeru/results > option.unwrap 1`] = `[Error: called \`option.unwrap()\` on a \`None\` value]`;
